// Jest Snapshot v1, https://goo.gl/fbAQLP

exports[`renders correctly 1`] = `
<View
  style={
    Object {
      "flex": 1,
      "marginTop": 24,
    }
  }
>
  <View
    style={
      Object {
        "alignItems": "center",
        "backgroundColor": "#eee",
        "borderBottomWidth": 1,
        "borderColor": "#ddd",
        "flexDirection": "row",
        "justifyContent": "flex-start",
        "padding": 5,
        "paddingLeft": 15,
      }
    }
  >
    <View
      accessibilityRole="button"
      accessibilityStates={Array []}
      accessible={true}
      isTVSelectable={true}
      onResponderGrant={[Function]}
      onResponderMove={[Function]}
      onResponderRelease={[Function]}
      onResponderTerminate={[Function]}
      onResponderTerminationRequest={[Function]}
      onStartShouldSetResponder={[Function]}
      style={
        Object {
          "opacity": 1,
        }
      }
    >
      <View
        style={
          Array [
            Object {},
          ]
        }
      >
        <Text
          style={
            Array [
              Object {
                "color": "#007AFF",
                "fontSize": 18,
                "padding": 8,
                "textAlign": "center",
              },
            ]
          }
        >
          Menu
        </Text>
      </View>
    </View>
    <Text
      style={
        Object {
          "fontSize": 17,
          "paddingLeft": 10,
        }
      }
    >
      TestTitle
    </Text>
  </View>
  <View
    style={
      Array [
        Object {
          "flex": 1,
        },
        undefined,
      ]
    }
  >
    <Text>
      TestPageContent
    </Text>
  </View>
</View>
`;
