// Jest Snapshot v1, https://goo.gl/fbAQLP

exports[`will check the matchers and pass 1`] = `
Object {
  "createdAt": Any<Date>,
  "id": Any<Number>,
  "name": "LeBron James",
}
`;

exports[`will snapshot a string 1`] = `"hello there"`;
